// Jest Snapshot v1, https://goo.gl/fbAQLP

exports[`Wallet Page renders correctly 1`] = `
<div
  className="container"
>
  <div
    className="row pt-5"
  >
    <div
      className="col-lg-3"
    >
      <div
        className="d-flex flex-column flex-shrink-0 p-3 profile-sidebar border mb-4 mb-lg-0"
      >
        <div
          className="row"
        >
          <a
            class="nav-link link-dark sidebar-items d-lg-flex mb-lg-2"
            href="/profile"
            onClick={[Function]}
            onMouseEnter={[Function]}
            onTouchStart={[Function]}
          >
            <svg
              aria-hidden={true}
              className="MuiSvgIcon-root MuiSvgIcon-colorPrimary MuiSvgIcon-fontSizeMedium css-ci5apu-MuiSvgIcon-root"
              data-testid="ModeEditOutlinedIcon"
              focusable="false"
              viewBox="0 0 24 24"
            >
              <path
                d="M3 21h3.75L17.81 9.94l-3.75-3.75L3 17.25V21zm2-2.92 9.06-9.06.92.92L5.92 19H5v-.92zM18.37 3.29a.9959.9959 0 0 0-1.41 0l-1.83 1.83 3.75 3.75 1.83-1.83c.39-.39.39-1.02 0-1.41l-2.34-2.34z"
              />
            </svg>
            <p
              className="mb-0"
            >
              Edit Profile
            </p>
          </a>
          <hr
            className="mb-2"
          />
          <a
            class="nav-link link-dark sidebar-items d-lg-flex mb-lg-2"
            href="/myhotels"
            onClick={[Function]}
            onMouseEnter={[Function]}
            onTouchStart={[Function]}
          >
            <svg
              aria-hidden={true}
              className="MuiSvgIcon-root MuiSvgIcon-colorPrimary MuiSvgIcon-fontSizeMedium css-ci5apu-MuiSvgIcon-root"
              data-testid="BedIcon"
              focusable="false"
              viewBox="0 0 24 24"
            >
              <path
                d="M21 10.78V8c0-1.65-1.35-3-3-3h-4c-.77 0-1.47.3-2 .78-.53-.48-1.23-.78-2-.78H6C4.35 5 3 6.35 3 8v2.78c-.61.55-1 1.34-1 2.22v6h2v-2h16v2h2v-6c0-.88-.39-1.67-1-2.22zM14 7h4c.55 0 1 .45 1 1v2h-6V8c0-.55.45-1 1-1zM5 8c0-.55.45-1 1-1h4c.55 0 1 .45 1 1v2H5V8z"
              />
            </svg>
            <p
              className="mb-0"
            >
              My Hotels
            </p>
          </a>
          <hr
            className="mb-2"
          />
          <a
            class="nav-link link-dark sidebar-items d-lg-flex mb-lg-2"
            href="/profile/favorites"
            onClick={[Function]}
            onMouseEnter={[Function]}
            onTouchStart={[Function]}
          >
            <svg
              aria-hidden={true}
              className="MuiSvgIcon-root MuiSvgIcon-colorPrimary MuiSvgIcon-fontSizeMedium css-ci5apu-MuiSvgIcon-root"
              data-testid="FavoriteBorderIcon"
              focusable="false"
              viewBox="0 0 24 24"
            >
              <path
                d="M16.5 3c-1.74 0-3.41.81-4.5 2.09C10.91 3.81 9.24 3 7.5 3 4.42 3 2 5.42 2 8.5c0 3.78 3.4 6.86 8.55 11.54L12 21.35l1.45-1.32C18.6 15.36 22 12.28 22 8.5 22 5.42 19.58 3 16.5 3zm-4.4 15.55-.1.1-.1-.1C7.14 14.24 4 11.39 4 8.5 4 6.5 5.5 5 7.5 5c1.54 0 3.04.99 3.57 2.36h1.87C13.46 5.99 14.96 5 16.5 5c2 0 3.5 1.5 3.5 3.5 0 2.89-3.14 5.74-7.9 10.05z"
              />
            </svg>
            <p
              className="mb-0"
            >
              Favorites
            </p>
          </a>
          <hr
            className="mb-2"
          />
          <a
            class="nav-link link-dark sidebar-items d-lg-flex"
            href="/profile/IncreaseCredit"
            onClick={[Function]}
            onMouseEnter={[Function]}
            onTouchStart={[Function]}
          >
            <svg
              aria-hidden={true}
              className="MuiSvgIcon-root MuiSvgIcon-colorPrimary MuiSvgIcon-fontSizeMedium css-ci5apu-MuiSvgIcon-root"
              data-testid="AddCardIcon"
              focusable="false"
              viewBox="0 0 24 24"
            >
              <path
                d="M20 4H4c-1.11 0-1.99.89-1.99 2L2 18c0 1.11.89 2 2 2h10v-2H4v-6h18V6c0-1.11-.89-2-2-2zm0 4H4V6h16v2zm4 9v2h-3v3h-2v-3h-3v-2h3v-3h2v3h3z"
              />
            </svg>
            <p
              className="mb-0"
            >
              Wallet
            </p>
          </a>
          <hr
            className="mb-2"
          />
          <a
            class="nav-link link-dark sidebar-items d-lg-flex"
            href="/profile/reservedrooms"
            onClick={[Function]}
            onMouseEnter={[Function]}
            onTouchStart={[Function]}
          >
            <svg
              aria-hidden={true}
              className="MuiSvgIcon-root MuiSvgIcon-colorPrimary MuiSvgIcon-fontSizeMedium css-ci5apu-MuiSvgIcon-root"
              data-testid="BookmarkBorderIcon"
              focusable="false"
              viewBox="0 0 24 24"
            >
              <path
                d="M17 3H7c-1.1 0-1.99.9-1.99 2L5 21l7-3 7 3V5c0-1.1-.9-2-2-2zm0 15-5-2.18L7 18V5h10v13z"
              />
            </svg>
            <p
              className="mb-0"
            >
              Reservations
            </p>
          </a>
        </div>
      </div>
    </div>
    <div
      className="col-lg-9"
    >
      <div
        className="container wallet border"
      >
        <div
          className="row content"
        >
          <div
            className="col-lg-6 border-end increase-credit-form"
          >
            <h6
              className="mb-4"
            >
              Increase credit
            </h6>
            <p>
              Select one of these options:
            </p>
            <div
              className="row"
            >
              <div
                className="col-sm-4"
              >
                <button
                  className="MuiButtonBase-root MuiButton-root MuiButton-outlined MuiButton-outlinedPrimary MuiButton-sizeMedium MuiButton-outlinedSizeMedium MuiButton-root MuiButton-outlined MuiButton-outlinedPrimary MuiButton-sizeMedium MuiButton-outlinedSizeMedium w-100 css-1rwt2y5-MuiButtonBase-root-MuiButton-root"
                  data-testid="no1"
                  disabled={false}
                  onBlur={[Function]}
                  onClick={[Function]}
                  onContextMenu={[Function]}
                  onDragLeave={[Function]}
                  onFocus={[Function]}
                  onKeyDown={[Function]}
                  onKeyUp={[Function]}
                  onMouseDown={[Function]}
                  onMouseLeave={[Function]}
                  onMouseUp={[Function]}
                  onTouchEnd={[Function]}
                  onTouchMove={[Function]}
                  onTouchStart={[Function]}
                  tabIndex={0}
                  type="button"
                >
                  $100
                </button>
              </div>
              <div
                className="col-sm-4 my-2 my-sm-0"
              >
                <button
                  className="MuiButtonBase-root MuiButton-root MuiButton-outlined MuiButton-outlinedPrimary MuiButton-sizeMedium MuiButton-outlinedSizeMedium MuiButton-root MuiButton-outlined MuiButton-outlinedPrimary MuiButton-sizeMedium MuiButton-outlinedSizeMedium w-100 css-1rwt2y5-MuiButtonBase-root-MuiButton-root"
                  data-testid="no2"
                  disabled={false}
                  onBlur={[Function]}
                  onClick={[Function]}
                  onContextMenu={[Function]}
                  onDragLeave={[Function]}
                  onFocus={[Function]}
                  onKeyDown={[Function]}
                  onKeyUp={[Function]}
                  onMouseDown={[Function]}
                  onMouseLeave={[Function]}
                  onMouseUp={[Function]}
                  onTouchEnd={[Function]}
                  onTouchMove={[Function]}
                  onTouchStart={[Function]}
                  tabIndex={0}
                  type="button"
                >
                  $200
                </button>
              </div>
              <div
                className="col-sm-4"
              >
                <button
                  className="MuiButtonBase-root MuiButton-root MuiButton-outlined MuiButton-outlinedPrimary MuiButton-sizeMedium MuiButton-outlinedSizeMedium MuiButton-root MuiButton-outlined MuiButton-outlinedPrimary MuiButton-sizeMedium MuiButton-outlinedSizeMedium w-100 css-1rwt2y5-MuiButtonBase-root-MuiButton-root"
                  data-testid="no3"
                  disabled={false}
                  onBlur={[Function]}
                  onClick={[Function]}
                  onContextMenu={[Function]}
                  onDragLeave={[Function]}
                  onFocus={[Function]}
                  onKeyDown={[Function]}
                  onKeyUp={[Function]}
                  onMouseDown={[Function]}
                  onMouseLeave={[Function]}
                  onMouseUp={[Function]}
                  onTouchEnd={[Function]}
                  onTouchMove={[Function]}
                  onTouchStart={[Function]}
                  tabIndex={0}
                  type="button"
                >
                  $500
                </button>
              </div>
            </div>
            <p
              className="mb-3 mt-2"
            >
              or enter your desired amount of money here:
            </p>
            <div
              className="MuiFormControl-root MuiTextField-root w-100 mb-4 css-1u3bzj6-MuiFormControl-root-MuiTextField-root"
            >
              <label
                className="MuiFormLabel-root MuiInputLabel-root MuiInputLabel-formControl MuiInputLabel-animated MuiInputLabel-shrink MuiInputLabel-outlined MuiFormLabel-colorPrimary MuiFormLabel-filled MuiInputLabel-root MuiInputLabel-formControl MuiInputLabel-animated MuiInputLabel-shrink MuiInputLabel-outlined css-1jy569b-MuiFormLabel-root-MuiInputLabel-root"
                data-shrink={true}
                htmlFor=":r0:"
                id=":r0:-label"
              >
                Amount of money
              </label>
              <div
                className="MuiInputBase-root MuiOutlinedInput-root MuiInputBase-colorPrimary MuiInputBase-formControl MuiInputBase-adornedStart css-1q6at85-MuiInputBase-root-MuiOutlinedInput-root"
                onClick={[Function]}
              >
                <div
                  className="MuiInputAdornment-root MuiInputAdornment-positionStart MuiInputAdornment-outlined MuiInputAdornment-sizeMedium css-ittuaa-MuiInputAdornment-root"
                >
                  <span
                    className="notranslate"
                  >
                    ​
                  </span>
                  <svg
                    aria-hidden={true}
                    className="MuiSvgIcon-root MuiSvgIcon-fontSizeMedium css-i4bv87-MuiSvgIcon-root"
                    data-testid="AttachMoneyOutlinedIcon"
                    focusable="false"
                    viewBox="0 0 24 24"
                  >
                    <path
                      d="M11.8 10.9c-2.27-.59-3-1.2-3-2.15 0-1.09 1.01-1.85 2.7-1.85 1.78 0 2.44.85 2.5 2.1h2.21c-.07-1.72-1.12-3.3-3.21-3.81V3h-3v2.16c-1.94.42-3.5 1.68-3.5 3.61 0 2.31 1.91 3.46 4.7 4.13 2.5.6 3 1.48 3 2.41 0 .69-.49 1.79-2.7 1.79-2.06 0-2.87-.92-2.98-2.1h-2.2c.12 2.19 1.76 3.42 3.68 3.83V21h3v-2.15c1.95-.37 3.5-1.5 3.5-3.55 0-2.84-2.43-3.81-4.7-4.4z"
                    />
                  </svg>
                </div>
                <input
                  aria-invalid={false}
                  autoFocus={false}
                  className="MuiInputBase-input MuiOutlinedInput-input MuiInputBase-inputAdornedStart css-1o9s3wi-MuiInputBase-input-MuiOutlinedInput-input"
                  disabled={false}
                  id=":r0:"
                  name="amountOfMoney"
                  onAnimationStart={[Function]}
                  onBlur={[Function]}
                  onChange={[Function]}
                  onFocus={[Function]}
                  required={false}
                  type="text"
                  value={0}
                />
                <fieldset
                  aria-hidden={true}
                  className="MuiOutlinedInput-notchedOutline css-1d3z3hw-MuiOutlinedInput-notchedOutline"
                >
                  <legend
                    className="css-14lo706"
                  >
                    <span>
                      Amount of money
                    </span>
                  </legend>
                </fieldset>
              </div>
            </div>
            <button
              className="MuiButtonBase-root MuiButton-root MuiButton-contained MuiButton-containedPrimary MuiButton-sizeMedium MuiButton-containedSizeMedium Mui-disabled MuiButton-root MuiButton-contained MuiButton-containedPrimary MuiButton-sizeMedium MuiButton-containedSizeMedium w-100 css-sghohy-MuiButtonBase-root-MuiButton-root"
              disabled={true}
              onBlur={[Function]}
              onClick={[Function]}
              onContextMenu={[Function]}
              onDragLeave={[Function]}
              onFocus={[Function]}
              onKeyDown={[Function]}
              onKeyUp={[Function]}
              onMouseDown={[Function]}
              onMouseLeave={[Function]}
              onMouseUp={[Function]}
              onTouchEnd={[Function]}
              onTouchMove={[Function]}
              onTouchStart={[Function]}
              tabIndex={-1}
              type="button"
            >
              Pay
            </button>
          </div>
          <div
            className="col-lg-6 mb-5 mb-lg-0"
          >
            <h6>
              Your wallet balance
            </h6>
            <div
              className="money-card mt-4 mt-lg-5"
            >
              <img
                data-nimg="1"
                decoding="async"
                height={252}
                loading="lazy"
                onError={[Function]}
                onLoad={[Function]}
                src="/_next/image?url=%2Flogo%2Fwhite_logo_3.png&w=640&q=75"
                srcSet="/_next/image?url=%2Flogo%2Fwhite_logo_3.png&w=384&q=75 1x, /_next/image?url=%2Flogo%2Fwhite_logo_3.png&w=640&q=75 2x"
                style={
                  {
                    "color": "transparent",
                  }
                }
                width={262}
              />
              <div
                className="h-100"
              >
                <p
                  className="site-name"
                >
                  Hotel Center
                </p>
                <div
                  className="fw-bold d-flex card-content"
                >
                  <p>
                    Account balance:
                  </p>
                  <p>
                    $
                    0
                  </p>
                </div>
              </div>
            </div>
          </div>
        </div>
      </div>
    </div>
  </div>
</div>
`;
